
> promix-automatix@1.1.4 build:web
> vite build

[33mThe CJS build of Vite's Node API is deprecated. See https://vite.dev/guide/troubleshooting.html#vite-cjs-node-api-deprecated for more details.[39m
[36mvite v5.4.21 [32mbuilding for production...[36m[39m
transforming...
[32mװפ[39m 3267 modules transformed.
Generated an empty chunk: "vendor-sql".
rendering chunks...
computing gzip size...
[2mdist/[22m[32mindex.html                                     [39m[1m[2m  1.66 kB[22m[1m[22m[2m װצי gzip:   0.58 kB[22m
[2mdist/[22m[32mkitchensink.html                               [39m[1m[2m  1.70 kB[22m[1m[22m[2m װצי gzip:   0.54 kB[22m
[2mdist/[22m[32massets/gear-logo-Dc4ZlH02.png                  [39m[1m[2m269.39 kB[22m[1m[22m
[2mdist/[22m[35massets/main-Bj8tuHJj.css                       [39m[1m[2m  7.74 kB[22m[1m[22m[2m װצי gzip:   2.09 kB[22m
[2mdist/[22m[35massets/theme-B-LQbUgf.css                      [39m[1m[2m112.91 kB[22m[1m[22m[2m װצי gzip:  20.22 kB[22m
[2mdist/[22m[36massets/vendor-sql-l0sNRNKZ.js                  [39m[1m[2m  0.00 kB[22m[1m[22m[2m װצי gzip:   0.02 kB[22m
[2mdist/[22m[36massets/vendor-react-BHjjp-yR.js                [39m[1m[2m  0.07 kB[22m[1m[22m[2m װצי gzip:   0.08 kB[22m
[2mdist/[22m[36massets/cn-BsNxnL9V.js                          [39m[1m[2m  0.09 kB[22m[1m[22m[2m װצי gzip:   0.11 kB[22m
[2mdist/[22m[36massets/index-BEtKyhqX.js                       [39m[1m[2m  0.12 kB[22m[1m[22m[2m װצי gzip:   0.12 kB[22m
[2mdist/[22m[36massets/ConfirmDialog-DkIT63g2.js               [39m[1m[2m  0.20 kB[22m[1m[22m[2m װצי gzip:   0.18 kB[22m
[2mdist/[22m[36massets/useFormModal-Dy4bjTiz.js                [39m[1m[2m  0.23 kB[22m[1m[22m[2m װצי gzip:   0.20 kB[22m
[2mdist/[22m[36massets/errors-DFO2PK-Z.js                      [39m[1m[2m  0.23 kB[22m[1m[22m[2m װצי gzip:   0.17 kB[22m
[2mdist/[22m[36massets/useEscClose-DvXa-AcQ.js                 [39m[1m[2m  0.26 kB[22m[1m[22m[2m װצי gzip:   0.22 kB[22m
[2mdist/[22m[36massets/WorkspaceTabs-BjAwQU4y.js               [39m[1m[2m  0.27 kB[22m[1m[22m[2m װצי gzip:   0.22 kB[22m
[2mdist/[22m[36massets/Skeleton-DYCsBefA.js                    [39m[1m[2m  0.34 kB[22m[1m[22m[2m װצי gzip:   0.25 kB[22m
[2mdist/[22m[36massets/TableFiller-DQN_i4rE.js                 [39m[1m[2m  0.36 kB[22m[1m[22m[2m װצי gzip:   0.28 kB[22m
[2mdist/[22m[36massets/TableFiller-Cexr_Sz6.js                 [39m[1m[2m  0.36 kB[22m[1m[22m[2m װצי gzip:   0.28 kB[22m
[2mdist/[22m[36massets/GlassCard-BXeV1H1p.js                   [39m[1m[2m  0.39 kB[22m[1m[22m[2m װצי gzip:   0.28 kB[22m
[2mdist/[22m[36massets/GlassCard-CqncU6GR.js                   [39m[1m[2m  0.52 kB[22m[1m[22m[2m װצי gzip:   0.33 kB[22m
[2mdist/[22m[36massets/MetricValue-BfdjRzoA.js                 [39m[1m[2m  0.54 kB[22m[1m[22m[2m װצי gzip:   0.39 kB[22m
[2mdist/[22m[36massets/MetricValue-DiNj_1pA.js                 [39m[1m[2m  0.56 kB[22m[1m[22m[2m װצי gzip:   0.40 kB[22m
[2mdist/[22m[36massets/ViewerBanner-DqiomTs0.js                [39m[1m[2m  0.57 kB[22m[1m[22m[2m װצי gzip:   0.38 kB[22m
[2mdist/[22m[36massets/viewTransition-0WPWDMRG.js              [39m[1m[2m  0.60 kB[22m[1m[22m[2m װצי gzip:   0.32 kB[22m
[2mdist/[22m[36massets/EmptyState-BDiwgzHO.js                  [39m[1m[2m  0.64 kB[22m[1m[22m[2m װצי gzip:   0.36 kB[22m
[2mdist/[22m[36massets/nativeNotify-BC2NFZOW.js                [39m[1m[2m  0.67 kB[22m[1m[22m[2m װצי gzip:   0.37 kB[22m
[2mdist/[22m[36massets/StatusDot-Ci1qi3Is.js                   [39m[1m[2m  0.71 kB[22m[1m[22m[2m װצי gzip:   0.43 kB[22m
[2mdist/[22m[36massets/useSort-DeSHnc09.js                     [39m[1m[2m  0.72 kB[22m[1m[22m[2m װצי gzip:   0.43 kB[22m
[2mdist/[22m[36massets/clientStore-BUk83SV0.js                 [39m[1m[2m  0.82 kB[22m[1m[22m[2m װצי gzip:   0.41 kB[22m
[2mdist/[22m[36massets/useCountUp-Ci4QDi5D.js                  [39m[1m[2m  0.83 kB[22m[1m[22m[2m װצי gzip:   0.47 kB[22m
[2mdist/[22m[36massets/settingsStore-v3dljdH-.js               [39m[1m[2m  0.83 kB[22m[1m[22m[2m װצי gzip:   0.45 kB[22m
[2mdist/[22m[36massets/EmptyState-DCVK8Og-.js                  [39m[1m[2m  0.91 kB[22m[1m[22m[2m װצי gzip:   0.49 kB[22m
[2mdist/[22m[36massets/SectionCard-BqvG9Z42.js                 [39m[1m[2m  0.94 kB[22m[1m[22m[2m װצי gzip:   0.48 kB[22m
[2mdist/[22m[36massets/Popover-YTpL_IGS.js                     [39m[1m[2m  0.94 kB[22m[1m[22m[2m װצי gzip:   0.57 kB[22m
[2mdist/[22m[36massets/SectionHeader-WYbLXR_R.js               [39m[1m[2m  0.95 kB[22m[1m[22m[2m װצי gzip:   0.45 kB[22m
[2mdist/[22m[36massets/IconButton-xbLKJHaE.js                  [39m[1m[2m  0.96 kB[22m[1m[22m[2m װצי gzip:   0.55 kB[22m
[2mdist/[22m[36massets/IconButton-DY_ukt81.js                  [39m[1m[2m  0.97 kB[22m[1m[22m[2m װצי gzip:   0.56 kB[22m
[2mdist/[22m[36massets/fisaProgress-DsWxnRs3.js                [39m[1m[2m  1.01 kB[22m[1m[22m[2m װצי gzip:   0.56 kB[22m
[2mdist/[22m[36massets/AnimatedTabs-BpMrkmt6.js                [39m[1m[2m  1.06 kB[22m[1m[22m[2m װצי gzip:   0.64 kB[22m
[2mdist/[22m[36massets/index-CXJBia_c.js                       [39m[1m[2m  1.08 kB[22m[1m[22m[2m װצי gzip:   0.51 kB[22m
[2mdist/[22m[36massets/format-Bvtolp7P.js                      [39m[1m[2m  1.14 kB[22m[1m[22m[2m װצי gzip:   0.48 kB[22m
[2mdist/[22m[36massets/AnimatedTabs-2Z1DfSaI.js                [39m[1m[2m  1.18 kB[22m[1m[22m[2m װצי gzip:   0.69 kB[22m
[2mdist/[22m[36massets/theme-dNHbnqSW.js                       [39m[1m[2m  1.19 kB[22m[1m[22m[2m װצי gzip:   0.60 kB[22m
[2mdist/[22m[36massets/piece-C6rcDDUk.js                       [39m[1m[2m  1.25 kB[22m[1m[22m[2m װצי gzip:   0.38 kB[22m
[2mdist/[22m[36massets/salesStore-C0yRMStl.js                  [39m[1m[2m  1.28 kB[22m[1m[22m[2m װצי gzip:   0.57 kB[22m
[2mdist/[22m[36massets/Sparkline-CEjHVGP1.js                   [39m[1m[2m  1.28 kB[22m[1m[22m[2m װצי gzip:   0.72 kB[22m
[2mdist/[22m[36massets/confetti-By9T-e25.js                    [39m[1m[2m  1.29 kB[22m[1m[22m[2m װצי gzip:   0.79 kB[22m
[2mdist/[22m[36massets/HeroHeader-D0DskAXO.js                  [39m[1m[2m  1.31 kB[22m[1m[22m[2m װצי gzip:   0.57 kB[22m
[2mdist/[22m[36massets/SortableTh-LBtMBBw3.js                  [39m[1m[2m  1.31 kB[22m[1m[22m[2m װצי gzip:   0.69 kB[22m
[2mdist/[22m[36massets/briefingUpload-BDr_77wX.js              [39m[1m[2m  1.38 kB[22m[1m[22m[2m װצי gzip:   0.85 kB[22m
[2mdist/[22m[36massets/Modal-BBHknaYn.js                       [39m[1m[2m  1.48 kB[22m[1m[22m[2m װצי gzip:   0.80 kB[22m
[2mdist/[22m[36massets/SortableTh-F54QcuG9.js                  [39m[1m[2m  1.53 kB[22m[1m[22m[2m װצי gzip:   0.79 kB[22m
[2mdist/[22m[36massets/materialStore-zofQ6U7W.js               [39m[1m[2m  1.55 kB[22m[1m[22m[2m װצי gzip:   0.67 kB[22m
[2mdist/[22m[36massets/PageHeader-UpOINbiL.js                  [39m[1m[2m  1.58 kB[22m[1m[22m[2m װצי gzip:   0.75 kB[22m
[2mdist/[22m[36massets/core-Cn4yfEqx.js                        [39m[1m[2m  1.61 kB[22m[1m[22m[2m װצי gzip:   0.71 kB[22m
[2mdist/[22m[36massets/Button-CmWz--M1.js                      [39m[1m[2m  1.62 kB[22m[1m[22m[2m װצי gzip:   0.75 kB[22m
[2mdist/[22m[36massets/useSaveAction-B93kBvH1.js               [39m[1m[2m  1.64 kB[22m[1m[22m[2m װצי gzip:   0.88 kB[22m
[2mdist/[22m[36massets/FilterBar-ChJBGhK_.js                   [39m[1m[2m  1.68 kB[22m[1m[22m[2m װצי gzip:   0.81 kB[22m
[2mdist/[22m[36massets/filterControls-B6GOP6uA.js              [39m[1m[2m  1.68 kB[22m[1m[22m[2m װצי gzip:   0.55 kB[22m
[2mdist/[22m[36massets/FilterBar-NTCxxXgJ.js                   [39m[1m[2m  1.69 kB[22m[1m[22m[2m װצי gzip:   0.81 kB[22m
[2mdist/[22m[36massets/filterControls-tBJLtZMN.js              [39m[1m[2m  1.73 kB[22m[1m[22m[2m װצי gzip:   0.55 kB[22m
[2mdist/[22m[36massets/StatusBadge-Obpgcw4m.js                 [39m[1m[2m  1.74 kB[22m[1m[22m[2m װצי gzip:   0.71 kB[22m
[2mdist/[22m[36massets/inputMasks-Ct-ovRhq.js                  [39m[1m[2m  1.74 kB[22m[1m[22m[2m װצי gzip:   0.82 kB[22m
[2mdist/[22m[36massets/StatusBadge-BT261-dI.js                 [39m[1m[2m  1.75 kB[22m[1m[22m[2m װצי gzip:   0.72 kB[22m
[2mdist/[22m[36massets/Button-BMyWnyq-.js                      [39m[1m[2m  1.93 kB[22m[1m[22m[2m װצי gzip:   0.77 kB[22m
[2mdist/[22m[36massets/pieceStore--LSGAknM.js                  [39m[1m[2m  2.17 kB[22m[1m[22m[2m װצי gzip:   0.79 kB[22m
[2mdist/[22m[36massets/KpiCard-C8RTHCEb.js                     [39m[1m[2m  2.19 kB[22m[1m[22m[2m װצי gzip:   1.09 kB[22m
[2mdist/[22m[36massets/EmptyState--pY88e--.js                  [39m[1m[2m  2.24 kB[22m[1m[22m[2m װצי gzip:   0.95 kB[22m
[2mdist/[22m[36massets/Skeleton-D0flXwTT.js                    [39m[1m[2m  2.30 kB[22m[1m[22m[2m װצי gzip:   0.83 kB[22m
[2mdist/[22m[36massets/CalendarEnhancements-F006KKR-.js        [39m[1m[2m  2.34 kB[22m[1m[22m[2m װצי gzip:   1.19 kB[22m
[2mdist/[22m[36massets/HeroHeader-DaRH487x.js                  [39m[1m[2m  2.47 kB[22m[1m[22m[2m װצי gzip:   1.16 kB[22m
[2mdist/[22m[36massets/BulkSelection-Bb-feACS.js               [39m[1m[2m  2.53 kB[22m[1m[22m[2m װצי gzip:   1.13 kB[22m
[2mdist/[22m[36massets/ProjectsEnhancements-C4dmbhP1.js        [39m[1m[2m  2.54 kB[22m[1m[22m[2m װצי gzip:   1.16 kB[22m
[2mdist/[22m[36massets/Page-CVoy3xTQ.js                        [39m[1m[2m  2.56 kB[22m[1m[22m[2m װצי gzip:   1.05 kB[22m
[2mdist/[22m[36massets/statusTokens-CVlRkEoC.js                [39m[1m[2m  2.63 kB[22m[1m[22m[2m װצי gzip:   0.83 kB[22m
[2mdist/[22m[36massets/ExportMenu-BEKY2j_q.js                  [39m[1m[2m  2.66 kB[22m[1m[22m[2m װצי gzip:   1.29 kB[22m
[2mdist/[22m[36massets/downloadPdf-Dsraqdoz.js                 [39m[1m[2m  2.73 kB[22m[1m[22m[2m װצי gzip:   1.04 kB[22m
[2mdist/[22m[36massets/Page-D1-_JzA2.js                        [39m[1m[2m  2.77 kB[22m[1m[22m[2m װצי gzip:   1.14 kB[22m
[2mdist/[22m[36massets/ProjectsContractsWorkspace-BWqxEqY_.js  [39m[1m[2m  2.86 kB[22m[1m[22m[2m װצי gzip:   1.37 kB[22m
[2mdist/[22m[36massets/ProductionWorkspace-Y2XLt447.js         [39m[1m[2m  2.88 kB[22m[1m[22m[2m װצי gzip:   1.33 kB[22m
[2mdist/[22m[36massets/PersonalWorkspace-D85KidkY.js           [39m[1m[2m  2.96 kB[22m[1m[22m[2m װצי gzip:   1.41 kB[22m
[2mdist/[22m[36massets/FinanceWorkspace-DZnefAu8.js            [39m[1m[2m  3.01 kB[22m[1m[22m[2m װצי gzip:   1.41 kB[22m
[2mdist/[22m[36massets/Tabs-LhNGFWRE.js                        [39m[1m[2m  3.09 kB[22m[1m[22m[2m װצי gzip:   0.91 kB[22m
[2mdist/[22m[36massets/SalesWorkspace-BhEEPse5.js              [39m[1m[2m  3.09 kB[22m[1m[22m[2m װצי gzip:   1.46 kB[22m
[2mdist/[22m[36massets/FisaTemplatePicker-CSYOjMFT.js          [39m[1m[2m  3.13 kB[22m[1m[22m[2m װצי gzip:   1.29 kB[22m
[2mdist/[22m[36massets/ListReport-CTOG3xhA.js                  [39m[1m[2m  3.14 kB[22m[1m[22m[2m װצי gzip:   1.47 kB[22m
[2mdist/[22m[36massets/ListReport-vhBjKo7z.js                  [39m[1m[2m  3.17 kB[22m[1m[22m[2m װצי gzip:   1.47 kB[22m
[2mdist/[22m[36massets/SistemWorkspace-B6SrFp--.js             [39m[1m[2m  3.20 kB[22m[1m[22m[2m װצי gzip:   1.50 kB[22m
[2mdist/[22m[36massets/InstrumenteWorkspace-K4P25SJu.js        [39m[1m[2m  3.20 kB[22m[1m[22m[2m װצי gzip:   1.40 kB[22m
[2mdist/[22m[36massets/ProcurementWorkspace-i8tI5Jye.js        [39m[1m[2m  3.41 kB[22m[1m[22m[2m װצי gzip:   1.59 kB[22m
[2mdist/[22m[36massets/PageHeader-C9Mp9GSc.js                  [39m[1m[2m  4.25 kB[22m[1m[22m[2m װצי gzip:   1.33 kB[22m
[2mdist/[22m[36massets/EngineeringWorkspace-58GTpreU.js        [39m[1m[2m  4.44 kB[22m[1m[22m[2m װצי gzip:   1.90 kB[22m
[2mdist/[22m[36massets/RevenueChartWidget-BZfkkC2I.js          [39m[1m[2m  4.73 kB[22m[1m[22m[2m װצי gzip:   2.08 kB[22m
[2mdist/[22m[36massets/useColumnWidths-3RLhhieR.js             [39m[1m[2m  5.01 kB[22m[1m[22m[2m װצי gzip:   1.62 kB[22m
[2mdist/[22m[36massets/FisaTemplatesPage-BuP7PeTw.js           [39m[1m[2m  5.15 kB[22m[1m[22m[2m װצי gzip:   2.01 kB[22m
[2mdist/[22m[36massets/LibrariesEnhancements-CClVY9RV.js       [39m[1m[2m  5.39 kB[22m[1m[22m[2m װצי gzip:   1.95 kB[22m
[2mdist/[22m[36massets/DownloadPage-C5Nfmeog.js                [39m[1m[2m  6.83 kB[22m[1m[22m[2m װצי gzip:   2.52 kB[22m
[2mdist/[22m[36massets/EmailEnhancements-Chbs3R9y.js           [39m[1m[2m  7.20 kB[22m[1m[22m[2m װצי gzip:   2.00 kB[22m
[2mdist/[22m[36massets/AlertsPage-BmDjI2IG.js                  [39m[1m[2m  7.22 kB[22m[1m[22m[2m װצי gzip:   2.87 kB[22m
[2mdist/[22m[36massets/FormModal-CVtwOjUh.js                   [39m[1m[2m  7.45 kB[22m[1m[22m[2m װצי gzip:   3.15 kB[22m
[2mdist/[22m[36massets/KanbanEnhancements-DQtyDkPy.js          [39m[1m[2m  7.84 kB[22m[1m[22m[2m װצי gzip:   2.88 kB[22m
[2mdist/[22m[36massets/ai-DhRD79k4.js                          [39m[1m[2m  8.16 kB[22m[1m[22m[2m װצי gzip:   3.43 kB[22m
[2mdist/[22m[36massets/RfqResponsePage-D0zRFL7X.js             [39m[1m[2m  8.30 kB[22m[1m[22m[2m װצי gzip:   2.53 kB[22m
[2mdist/[22m[36massets/AlertsEnhancements-XBjN3vp1.js          [39m[1m[2m  8.31 kB[22m[1m[22m[2m װצי gzip:   2.73 kB[22m
[2mdist/[22m[36massets/DocumentsEnhancements-B0t04Ziv.js       [39m[1m[2m  8.65 kB[22m[1m[22m[2m װצי gzip:   2.61 kB[22m
[2mdist/[22m[36massets/LibrariesPage-DFolNGIH.js               [39m[1m[2m  8.79 kB[22m[1m[22m[2m װצי gzip:   2.97 kB[22m
[2mdist/[22m[36massets/FormModal-CaQgJQs4.js                   [39m[1m[2m  8.92 kB[22m[1m[22m[2m װצי gzip:   3.63 kB[22m
[2mdist/[22m[36massets/LibrariesPage-D8bVokKc.js               [39m[1m[2m 10.02 kB[22m[1m[22m[2m װצי gzip:   3.43 kB[22m
[2mdist/[22m[36massets/CustomerPortalPage-By1uWEPW.js          [39m[1m[2m 10.31 kB[22m[1m[22m[2m װצי gzip:   2.77 kB[22m
[2mdist/[22m[36massets/ClientsEnhancements-PYp5bwL0.js         [39m[1m[2m 10.32 kB[22m[1m[22m[2m װצי gzip:   3.13 kB[22m
[2mdist/[22m[36massets/CommandPalette-RRusAIud.js              [39m[1m[2m 10.73 kB[22m[1m[22m[2m װצי gzip:   4.05 kB[22m
[2mdist/[22m[36massets/ReportsPage-CecY8D-_.js                 [39m[1m[2m 10.77 kB[22m[1m[22m[2m װצי gzip:   3.45 kB[22m
[2mdist/[22m[36massets/ManagerControlPage-CvhqEBMF.js          [39m[1m[2m 10.81 kB[22m[1m[22m[2m װצי gzip:   3.79 kB[22m
[2mdist/[22m[36massets/AIAssistantPage-DSmIPCnI.js             [39m[1m[2m 10.83 kB[22m[1m[22m[2m װצי gzip:   3.78 kB[22m
[2mdist/[22m[36massets/InventoryPage-BSvJEou4.js               [39m[1m[2m 11.65 kB[22m[1m[22m[2m װצי gzip:   3.96 kB[22m
[2mdist/[22m[36massets/UserSessionsPage-DJUl-OkV.js            [39m[1m[2m 12.08 kB[22m[1m[22m[2m װצי gzip:   4.14 kB[22m
[2mdist/[22m[36massets/PiecesOrderingPage-DfM_y4it.js          [39m[1m[2m 12.09 kB[22m[1m[22m[2m װצי gzip:   4.16 kB[22m
[2mdist/[22m[36massets/ManagerControlPage-CKP9O9ym.js          [39m[1m[2m 12.18 kB[22m[1m[22m[2m װצי gzip:   4.16 kB[22m
[2mdist/[22m[36massets/ReportsPage-DyC8kHEk.js                 [39m[1m[2m 12.26 kB[22m[1m[22m[2m װצי gzip:   3.85 kB[22m
[2mdist/[22m[36massets/UserActivityLog-BR4zddfe.js             [39m[1m[2m 12.56 kB[22m[1m[22m[2m װצי gzip:   4.41 kB[22m
[2mdist/[22m[36massets/AlertsPage-D57hoHKS.js                  [39m[1m[2m 12.65 kB[22m[1m[22m[2m װצי gzip:   4.26 kB[22m
[2mdist/[22m[36massets/SalesHubPage-DTOoaE8K.js                [39m[1m[2m 13.08 kB[22m[1m[22m[2m װצי gzip:   4.42 kB[22m
[2mdist/[22m[36massets/AIAssistantPage-CVCGijHO.js             [39m[1m[2m 13.12 kB[22m[1m[22m[2m װצי gzip:   4.58 kB[22m
[2mdist/[22m[36massets/InventoryPage-ws10iNfE.js               [39m[1m[2m 13.64 kB[22m[1m[22m[2m װצי gzip:   4.58 kB[22m
[2mdist/[22m[36massets/FisaTemplatesPage-exAiwpGN.js           [39m[1m[2m 14.17 kB[22m[1m[22m[2m װצי gzip:   4.40 kB[22m
[2mdist/[22m[36massets/UserSessionsPage-Dca_dnxg.js            [39m[1m[2m 14.98 kB[22m[1m[22m[2m װצי gzip:   4.77 kB[22m
[2mdist/[22m[36massets/KanbanPage-DmEZ1Gku.js                  [39m[1m[2m 15.00 kB[22m[1m[22m[2m װצי gzip:   4.91 kB[22m
[2mdist/[22m[36massets/UsersPage-BmxbzO0m.js                   [39m[1m[2m 15.04 kB[22m[1m[22m[2m װצי gzip:   4.73 kB[22m
[2mdist/[22m[36massets/window-CAunvY_2.js                      [39m[1m[2m 15.26 kB[22m[1m[22m[2m װצי gzip:   3.83 kB[22m
[2mdist/[22m[36massets/PiecesOrderingPage-DUydcuRt.js          [39m[1m[2m 15.87 kB[22m[1m[22m[2m װצי gzip:   4.83 kB[22m
[2mdist/[22m[36massets/KanbanPage-DUQh35lK.js                  [39m[1m[2m 16.46 kB[22m[1m[22m[2m װצי gzip:   5.38 kB[22m
[2mdist/[22m[36massets/kitchensink-CfinP9sA.js                 [39m[1m[2m 16.82 kB[22m[1m[22m[2m װצי gzip:   4.94 kB[22m
[2mdist/[22m[36massets/SalesHubPage-CgRZEAkA.js                [39m[1m[2m 16.86 kB[22m[1m[22m[2m װצי gzip:   5.46 kB[22m
[2mdist/[22m[36massets/EmailPage-B8b99HST.js                   [39m[1m[2m 17.26 kB[22m[1m[22m[2m װצי gzip:   5.17 kB[22m
[2mdist/[22m[36massets/ClientsPage-BZfC3MDH.js                 [39m[1m[2m 17.26 kB[22m[1m[22m[2m װצי gzip:   4.97 kB[22m
[2mdist/[22m[36massets/ContractPage-8JdNPX84.js                [39m[1m[2m 17.39 kB[22m[1m[22m[2m װצי gzip:   4.93 kB[22m
[2mdist/[22m[36massets/DocumentsPage-BdBsXlVw.js               [39m[1m[2m 17.54 kB[22m[1m[22m[2m װצי gzip:   5.71 kB[22m
[2mdist/[22m[36massets/FisaTemplateEditor-R3-Lru8J.js          [39m[1m[2m 17.75 kB[22m[1m[22m[2m װצי gzip:   5.06 kB[22m
[2mdist/[22m[36massets/ServiceTicketsPage-DHTXsgQc.js          [39m[1m[2m 18.10 kB[22m[1m[22m[2m װצי gzip:   4.89 kB[22m
[2mdist/[22m[36massets/UsersPage-DMTxeh1q.js                   [39m[1m[2m 18.47 kB[22m[1m[22m[2m װצי gzip:   5.64 kB[22m
[2mdist/[22m[36massets/WarehousePage-nplM1IK8.js               [39m[1m[2m 18.70 kB[22m[1m[22m[2m װצי gzip:   5.42 kB[22m
[2mdist/[22m[36massets/ContractPage-DEcYwAfh.js                [39m[1m[2m 18.83 kB[22m[1m[22m[2m װצי gzip:   5.66 kB[22m
[2mdist/[22m[36massets/FisaProiectantPage-i40nmBd9.js          [39m[1m[2m 18.98 kB[22m[1m[22m[2m װצי gzip:   5.70 kB[22m
[2mdist/[22m[36massets/ClientsPage-DbsRzDEv.js                 [39m[1m[2m 19.57 kB[22m[1m[22m[2m װצי gzip:   5.59 kB[22m
[2mdist/[22m[36massets/WarehousePage-BjiS3xg4.js               [39m[1m[2m 19.67 kB[22m[1m[22m[2m װצי gzip:   4.76 kB[22m
[2mdist/[22m[36massets/LeadDetailPage-C_1vXJqP.js              [39m[1m[2m 20.01 kB[22m[1m[22m[2m װצי gzip:   6.26 kB[22m
[2mdist/[22m[36massets/CalendarPage-CEqALVCQ.js                [39m[1m[2m 20.19 kB[22m[1m[22m[2m װצי gzip:   6.49 kB[22m
[2mdist/[22m[36massets/EmailPage-CKiOHqFw.js                   [39m[1m[2m 20.72 kB[22m[1m[22m[2m װצי gzip:   6.26 kB[22m
[2mdist/[22m[36massets/ServiceTicketsPage-Dg8Mvmdd.js          [39m[1m[2m 21.17 kB[22m[1m[22m[2m װצי gzip:   5.72 kB[22m
[2mdist/[22m[36massets/DocumentsPage-BATaS2oO.js               [39m[1m[2m 21.93 kB[22m[1m[22m[2m װצי gzip:   7.04 kB[22m
[2mdist/[22m[36massets/MaintenancePage-DMjzDx5V.js             [39m[1m[2m 22.76 kB[22m[1m[22m[2m װצי gzip:   6.31 kB[22m
[2mdist/[22m[36massets/FisaProiectantPage-Dd2Xt9Eh.js          [39m[1m[2m 23.05 kB[22m[1m[22m[2m װצי gzip:   7.00 kB[22m
[2mdist/[22m[36massets/TutorialPage-2eaSjlMe.js                [39m[1m[2m 23.61 kB[22m[1m[22m[2m װצי gzip:   8.23 kB[22m
[2mdist/[22m[36massets/CalendarPage-BLzXpRnN.js                [39m[1m[2m 24.86 kB[22m[1m[22m[2m װצי gzip:   7.53 kB[22m
[2mdist/[22m[36massets/MaintenancePage-gLrV4Icz.js             [39m[1m[2m 27.58 kB[22m[1m[22m[2m װצי gzip:   7.37 kB[22m
[2mdist/[22m[36massets/ChatPage-BorYRvc8.js                    [39m[1m[2m 27.93 kB[22m[1m[22m[2m װצי gzip:   6.97 kB[22m
[2mdist/[22m[36massets/TutorialPage-BiTjx4I1.js                [39m[1m[2m 28.19 kB[22m[1m[22m[2m װצי gzip:   9.41 kB[22m
[2mdist/[22m[36massets/QuotationsPage-CM2Z49Pl.js              [39m[1m[2m 28.22 kB[22m[1m[22m[2m װצי gzip:   7.73 kB[22m
[2mdist/[22m[36massets/ProjectBriefingsPage-BjNI8GDJ.js        [39m[1m[2m 28.30 kB[22m[1m[22m[2m װצי gzip:   7.98 kB[22m
[2mdist/[22m[36massets/PartsTreePage-CtvC-KPQ.js               [39m[1m[2m 28.36 kB[22m[1m[22m[2m װצי gzip:  10.49 kB[22m
[2mdist/[22m[36massets/DashboardPage-BdmSSuMB.js               [39m[1m[2m 28.38 kB[22m[1m[22m[2m װצי gzip:   9.03 kB[22m
[2mdist/[22m[36massets/PartsTreePage-2hIuNozr.js               [39m[1m[2m 28.51 kB[22m[1m[22m[2m װצי gzip:  10.37 kB[22m
[2mdist/[22m[36massets/ProcurementWorkspacePage-aadsl2ST.js    [39m[1m[2m 28.53 kB[22m[1m[22m[2m װצי gzip:   7.82 kB[22m
[2mdist/[22m[36massets/StationDetailPage-uTrVjQwF.js           [39m[1m[2m 29.17 kB[22m[1m[22m[2m װצי gzip:   6.97 kB[22m
[2mdist/[22m[36massets/ProcurementWorkspacePage-CWpBxDfx.js    [39m[1m[2m 29.87 kB[22m[1m[22m[2m װצי gzip:   8.38 kB[22m
[2mdist/[22m[36massets/FinancePage-BNL3JFJj.js                 [39m[1m[2m 29.95 kB[22m[1m[22m[2m װצי gzip:   7.43 kB[22m
[2mdist/[22m[36massets/ChatPage-DXZCKYvc.js                    [39m[1m[2m 30.96 kB[22m[1m[22m[2m װצי gzip:   8.15 kB[22m
[2mdist/[22m[36massets/FinancePage-C3GZW7H5.js                 [39m[1m[2m 33.11 kB[22m[1m[22m[2m װצי gzip:   8.32 kB[22m
[2mdist/[22m[36massets/DxfViewer-D0gjfPNM.js                   [39m[1m[2m 34.06 kB[22m[1m[22m[2m װצי gzip:  12.71 kB[22m
[2mdist/[22m[36massets/PersonalTasksPage-CaZ1IZoV.js           [39m[1m[2m 34.82 kB[22m[1m[22m[2m װצי gzip:   7.78 kB[22m
[2mdist/[22m[36massets/ProjectBriefingsPage-DUik_0di.js        [39m[1m[2m 35.05 kB[22m[1m[22m[2m װצי gzip:   9.73 kB[22m
[2mdist/[22m[36massets/QuotationsPage-DgdTmzW3.js              [39m[1m[2m 35.35 kB[22m[1m[22m[2m װצי gzip:   9.30 kB[22m
[2mdist/[22m[36massets/ProjectsPage-Dhq4IGEm.js                [39m[1m[2m 35.88 kB[22m[1m[22m[2m װצי gzip:  10.08 kB[22m
[2mdist/[22m[36massets/ProjectsPage-BLgDjMw4.js                [39m[1m[2m 36.81 kB[22m[1m[22m[2m װצי gzip:   9.79 kB[22m
[2mdist/[22m[36massets/PersonalTasksPage-ZAB5pg3b.js           [39m[1m[2m 37.31 kB[22m[1m[22m[2m װצי gzip:   8.53 kB[22m
[2mdist/[22m[36massets/vendor-utils-BT4hE79q.js                [39m[1m[2m 37.76 kB[22m[1m[22m[2m װצי gzip:  12.53 kB[22m
[2mdist/[22m[36massets/SettingsPage-DRnF68bb.js                [39m[1m[2m 38.14 kB[22m[1m[22m[2m װצי gzip:  10.75 kB[22m
[2mdist/[22m[36massets/SettingsPage-DQF_xKqh.js                [39m[1m[2m 39.90 kB[22m[1m[22m[2m װצי gzip:  11.30 kB[22m
[2mdist/[22m[36massets/PartsTreeEnhancements-CVs9HjHI.js       [39m[1m[2m 42.65 kB[22m[1m[22m[2m װצי gzip:  12.83 kB[22m
[2mdist/[22m[36massets/DeplasariPage-C4RU88uq.js               [39m[1m[2m 49.27 kB[22m[1m[22m[2m װצי gzip:  11.74 kB[22m
[2mdist/[22m[36massets/DeplasariPage-DnBP2aKf.js               [39m[1m[2m 52.26 kB[22m[1m[22m[2m װצי gzip:  12.36 kB[22m
[2mdist/[22m[36massets/MobileApp-D2hflav4.js                   [39m[1m[2m 56.00 kB[22m[1m[22m[2m װצי gzip:  15.90 kB[22m
[2mdist/[22m[36massets/vendor-cad-CZCaRor7.js                  [39m[1m[2m 75.04 kB[22m[1m[22m[2m װצי gzip:  19.77 kB[22m
[2mdist/[22m[36massets/vendor-icons-BzhluZG_.js                [39m[1m[2m 90.35 kB[22m[1m[22m[2m װצי gzip:  16.11 kB[22m
[2mdist/[22m[36massets/MaintenanceModePanel-CyYd9Sn7.js        [39m[1m[2m115.93 kB[22m[1m[22m[2m װצי gzip:  22.76 kB[22m
[2mdist/[22m[36massets/vendor-motion-BJsfaBkY.js               [39m[1m[2m124.88 kB[22m[1m[22m[2m װצי gzip:  40.99 kB[22m
[2mdist/[22m[36massets/main-D-4FlIH-.js                        [39m[1m[2m188.98 kB[22m[1m[22m[2m װצי gzip:  54.81 kB[22m
[2mdist/[22m[36massets/vendor-office-D_0l8YDs.js               [39m[1m[2m429.03 kB[22m[1m[22m[2m װצי gzip: 143.08 kB[22m
[2mdist/[22m[36massets/vendor-charts-BQNXTdbd.js               [39m[1m[2m545.25 kB[22m[1m[22m[2m װצי gzip: 154.96 kB[22m
[32mװפ built in 6.01s[39m
